This is pdfTeX, Version 3.141592653-2.6-1.40.28 (MiKTeX 25.12) (preloaded format=pdflatex 2026.5.29)  5 JUN 2026 01:01
entering extended mode
 restricted \write18 enabled.
 %&-line parsing enabled.
**./main.tex
(main.tex
LaTeX2e <2025-11-01>
L3 programming layer <2025-12-24>
(tfg_dtic_upf.cls

LaTeX Warning: You have requested document class `tfg_dtic_upf',
               but the document class provides `book'.

Document Class: book 2005/09/16 v1.4f Standard LaTeX document class
(C:\Users\adria\AppData\Local\Programs\MiKTeX\tex/latex/base\bk11.clo
File: bk11.clo 2025/01/22 v1.4n Standard LaTeX file (size option)
)
\c@part=\count275
\c@chapter=\count276
\c@section=\count277
\c@subsection=\count278
\c@subsubsection=\count279
\c@paragraph=\count280
\c@subparagraph=\count281
\c@figure=\count282
\c@table=\count283
\abovecaptionskip=\skip49
\belowcaptionskip=\skip50
\bibindent=\dimen148
)
(C:\Users\adria\AppData\Local\Programs\MiKTeX\tex/generic/babel\babel.sty
Package: babel 2025/12/11 v25.17 The multilingual framework for LuaLaTeX, pdfLa
TeX and XeLaTeX
\babel@savecnt=\count284
LaTeX Encoding Info:    Redeclaring text command \ij (encoding OT1) on input li
ne 2068.
LaTeX Encoding Info:    Redeclaring text command \IJ (encoding OT1) on input li
ne 2070.
LaTeX Encoding Info:    Redeclaring text command \ij (encoding T1) on input lin
e 2072.
LaTeX Encoding Info:    Redeclaring text command \IJ (encoding T1) on input lin
e 2073.
LaTeX Encoding Info:    Ignoring declaration for text command \ij (encoding ?) 
on input line 2074.
LaTeX Encoding Info:    Ignoring declaration for text command \IJ (encoding ?) 
on input line 2076.
LaTeX Encoding Info:    Ignoring declaration for text command \SS (encoding ?) 
on input line 2101.
\U@D=\dimen149
\l@unhyphenated=\language79

(C:\Users\adria\AppData\Local\Programs\MiKTeX\tex/generic/babel\txtbabel.def)
\bbl@readstream=\read2
\bbl@dirlevel=\count285
Package babel Info: Configuration files are deprecated, as
(babel)             they can break document portability.
(babel)             Reported on input line 4196.

*************************************
* Local config file bblopts.cfg used
*
(C:\Users\adria\AppData\Local\Programs\MiKTeX\tex/latex/arabi\bblopts.cfg
File: bblopts.cfg 2005/09/08 v0.1 add Arabic and Farsi to "declared" options of
 babel
)
(C:\Users\adria\AppData\Local\Programs\MiKTeX\tex/generic/babel/locale/ca\babel
-catalan.tex)
(C:\Users\adria\AppData\Local\Programs\MiKTeX\tex/generic/babel/locale/en\babel
-english.tex)
(C:\Users\adria\AppData\Local\Programs\MiKTeX\tex/generic/babel/locale/es\babel
-spanish.tex)
Package babel Info: Importing font and identification data for catalan
(babel)             from babel-ca.ini. Reported on input line 4320.

(C:\Users\adria\AppData\Local\Programs\MiKTeX\tex/latex/babel-catalan\catalan.l
df
Language: catalan 2005/03/29 v2.2p Catalan support from the babel system
Package babel Info: Making " an active character on input line 91.
Warning: You are using encoding OT1 instead of T1.
Some word breaks will not be found.
\leftllkern=\dimen150
\rightllkern=\dimen151
\raiselldim=\dimen152
)
Package babel Info: Importing font and identification data for english
(babel)             from babel-en.ini. Reported on input line 4320.

(C:\Users\adria\AppData\Local\Programs\MiKTeX\tex/latex/babel-english\english.l
df
Language: english 2017/06/06 v3.3r English support from the babel system
Package babel Info: Hyphen rules for 'canadian' set to \l@english
(babel)             (\language0). Reported on input line 102.
Package babel Info: Hyphen rules for 'australian' set to \l@ukenglish
(babel)             (\language73). Reported on input line 105.
Package babel Info: Hyphen rules for 'newzealand' set to \l@ukenglish
(babel)             (\language73). Reported on input line 108.
)
Package babel Info: Importing font and identification data for spanish
(babel)             from babel-es.ini. Reported on input line 4320.

(C:\Users\adria\AppData\Local\Programs\MiKTeX\tex/latex/babel-spanish\spanish.l
df
Language: spanish.ldf 2021/05/27 v5.0q Spanish support from the babel system
\es@quottoks=\toks17
\es@quotdepth=\count286
Package babel Info: Making . an active character on input line 675.
Package babel Info: Making < an active character on input line 722.
Package babel Info: Making > an active character on input line 722.
))
LaTeX Encoding Info:    Redeclaring text command \guillemotleft (encoding OT1) 
on input line 11.
LaTeX Encoding Info:    Redeclaring text command \guillemotright (encoding OT1)
 on input line 11.

(C:\Users\adria\AppData\Local\Programs\MiKTeX\tex/latex/geometry\geometry.sty
Package: geometry 2026/03/07 v6.0 Page Geometry

(C:\Users\adria\AppData\Local\Programs\MiKTeX\tex/latex/graphics\keyval.sty
Package: keyval 2022/05/29 v1.15 key=value parser (DPC)
\KV@toks@=\toks18
)
(C:\Users\adria\AppData\Local\Programs\MiKTeX\tex/generic/iftex\ifvtex.sty
Package: ifvtex 2019/10/25 v1.7 ifvtex legacy package. Use iftex instead.

(C:\Users\adria\AppData\Local\Programs\MiKTeX\tex/generic/iftex\iftex.sty
Package: iftex 2024/12/12 v1.0g TeX engine tests
))
\Gm@cnth=\count287
\Gm@cntv=\count288
\c@Gm@tempcnt=\count289
\Gm@bindingoffset=\dimen153
\Gm@wd@mp=\dimen154
\Gm@odd@mp=\dimen155
\Gm@even@mp=\dimen156
\Gm@layoutwidth=\dimen157
\Gm@layoutheight=\dimen158
\Gm@layouthoffset=\dimen159
\Gm@layoutvoffset=\dimen160
\Gm@dimlist=\toks19

(C:\Users\adria\AppData\Local\Programs\MiKTeX\tex/latex/geometry\geometry.cfg))
(C:\Users\adria\AppData\Local\Programs\MiKTeX\tex/latex/graphics\graphicx.sty
Package: graphicx 2024/12/31 v1.2e Enhanced LaTeX Graphics (DPC,SPQR)

(C:\Users\adria\AppData\Local\Programs\MiKTeX\tex/latex/graphics\graphics.sty
Package: graphics 2024/08/06 v1.4g Standard LaTeX Graphics (DPC,SPQR)

(C:\Users\adria\AppData\Local\Programs\MiKTeX\tex/latex/graphics\trig.sty
Package: trig 2023/12/02 v1.11 sin cos tan (DPC)
)
(C:\Users\adria\AppData\Local\Programs\MiKTeX\tex/latex/graphics-cfg\graphics.c
fg
File: graphics.cfg 2016/06/04 v1.11 sample graphics configuration
)
Package graphics Info: Driver file: pdftex.def on input line 106.

(C:\Users\adria\AppData\Local\Programs\MiKTeX\tex/latex/graphics-def\pdftex.def
File: pdftex.def 2025/09/29 v1.2d Graphics/color driver for pdftex
))
\Gin@req@height=\dimen161
\Gin@req@width=\dimen162
) (C:\Users\adria\AppData\Local\Programs\MiKTeX\tex/latex/grffile\grffile.sty
Package: grffile 2019/11/11 v2.1 Extended file name support for graphics (legac
y)
Package grffile Info: This package is an empty stub for compatibility on input 
line 40.
) (C:\Users\adria\AppData\Local\Programs\MiKTeX\tex/latex/pdfpages\pdfpages.sty
Package: pdfpages 2026/03/30 v0.6h Insert pages of external PDF documents (AM)
(C:\Users\adria\AppData\Local\Programs\MiKTeX\tex/latex/base\ifthen.sty
Package: ifthen 2024/03/16 v1.1e Standard LaTeX ifthen package (DPC)
)
(C:\Users\adria\AppData\Local\Programs\MiKTeX\tex/latex/tools\calc.sty
Package: calc 2025/03/01 v4.3b Infix arithmetic (KKT,FJ)
\calc@Acount=\count290
\calc@Bcount=\count291
\calc@Adimen=\dimen163
\calc@Bdimen=\dimen164
\calc@Askip=\skip51
\calc@Bskip=\skip52
LaTeX Info: Redefining \setlength on input line 86.
LaTeX Info: Redefining \addtolength on input line 87.
\calc@Ccount=\count292
\calc@Cskip=\skip53
)
(C:\Users\adria\AppData\Local\Programs\MiKTeX\tex/latex/eso-pic\eso-pic.sty
Package: eso-pic 2025/12/10 v3.0d eso-pic (RN)
\ESO@tempdima=\dimen165
\ESO@tempdimb=\dimen166

(C:\Users\adria\AppData\Local\Programs\MiKTeX\tex/latex/xcolor\xcolor.sty
Package: xcolor 2024/09/29 v3.02 LaTeX color extensions (UK)

(C:\Users\adria\AppData\Local\Programs\MiKTeX\tex/latex/graphics-cfg\color.cfg
File: color.cfg 2016/01/02 v1.6 sample color configuration
)
Package xcolor Info: Driver file: pdftex.def on input line 274.
(C:\Users\adria\AppData\Local\Programs\MiKTeX\tex/latex/graphics\mathcolor.ltx)
Package xcolor Info: Model `cmy' substituted by `cmy0' on input line 1349.
Package xcolor Info: Model `hsb' substituted by `rgb' on input line 1353.
Package xcolor Info: Model `RGB' extended on input line 1365.
Package xcolor Info: Model `HTML' substituted by `rgb' on input line 1367.
Package xcolor Info: Model `Hsb' substituted by `hsb' on input line 1368.
Package xcolor Info: Model `tHsb' substituted by `hsb' on input line 1369.
Package xcolor Info: Model `HSB' substituted by `hsb' on input line 1370.
Package xcolor Info: Model `Gray' substituted by `gray' on input line 1371.
Package xcolor Info: Model `wave' substituted by `hsb' on input line 1372.
))
(C:\Users\adria\AppData\Local\Programs\MiKTeX\tex/latex/etoolbox\etoolbox.sty
Package: etoolbox 2025/10/02 v2.5m e-TeX tools for LaTeX (JAW)
\etb@tempcnta=\count293
)
\AM@pagewidth=\dimen167
\AM@pageheight=\dimen168
\AM@fboxrule=\dimen169

(C:\Users\adria\AppData\Local\Programs\MiKTeX\tex/latex/pdfpages\pppdftex.def
File: pppdftex.def 2026/03/30 v0.6h Pdfpages driver for pdfTeX (AM)
)
\pdfpages@includegraphics@status=\count294
\AM@pagebox=\box53
\AM@global@opts=\toks20
\AM@pagecnt=\count295
\AM@toc@title=\toks21
\AM@lof@heading=\toks22
\c@AM@survey=\count296
\AM@templatesizebox=\box54
) (C:\Users\adria\AppData\Local\Programs\MiKTeX\tex/latex/float\float.sty
Package: float 2001/11/08 v1.3d Float enhancements (AL)
\c@float@type=\count297
\float@exts=\toks23
\float@box=\box55
\@float@everytoks=\toks24
\@floatcapt=\box56
)
(C:\Users\adria\AppData\Local\Programs\MiKTeX\tex/latex/booktabs\booktabs.sty
Package: booktabs 2020/01/12 v1.61803398 Publication quality tables
\heavyrulewidth=\dimen170
\lightrulewidth=\dimen171
\cmidrulewidth=\dimen172
\belowrulesep=\dimen173
\belowbottomsep=\dimen174
\aboverulesep=\dimen175
\abovetopsep=\dimen176
\cmidrulesep=\dimen177
\cmidrulekern=\dimen178
\defaultaddspace=\dimen179
\@cmidla=\count298
\@cmidlb=\count299
\@aboverulesep=\dimen180
\@belowrulesep=\dimen181
\@thisruleclass=\count300
\@lastruleclass=\count301
\@thisrulewidth=\dimen182
)
(C:\Users\adria\AppData\Local\Programs\MiKTeX\tex/latex/colortbl\colortbl.sty
Package: colortbl 2026/05/01 v1.0l Color table columns (DPC)

(C:\Users\adria\AppData\Local\Programs\MiKTeX\tex/latex/tools\array.sty
Package: array 2025/09/25 v2.6n Tabular extension package (FMi)
\col@sep=\dimen183
\ar@mcellbox=\box57
\extrarowheight=\dimen184
\NC@list=\toks25
\extratabsurround=\skip54
\backup@length=\skip55
\ar@cellbox=\box58
)
\everycr=\toks26
\minrowclearance=\skip56
\rownum=\count302
)
(C:\Users\adria\AppData\Local\Programs\MiKTeX\tex/latex/psnfss\times.sty
Package: times 2020/03/25 PSNFSS-v9.3 (SPQR) 
)
(C:\Users\adria\AppData\Local\Programs\MiKTeX\tex/latex/natbib\natbib.sty
Package: natbib 2010/09/13 8.31b (PWD, AO)
\bibhang=\skip57
\bibsep=\skip58
LaTeX Info: Redefining \cite on input line 694.
\c@NAT@ctr=\count303
)
(C:\Users\adria\AppData\Local\Programs\MiKTeX\tex/latex/appendix\appendix.sty
Package: appendix 2020/02/08 v1.2c extra appendix facilities
\c@@pps=\count304
\c@@ppsavesec=\count305
\c@@ppsaveapp=\count306
)
(C:\Users\adria\AppData\Local\Programs\MiKTeX\tex/latex/hyperref\hyperref.sty
Package: hyperref 2025-07-12 v7.01o Hypertext links for LaTeX

(C:\Users\adria\AppData\Local\Programs\MiKTeX\tex/latex/kvsetkeys\kvsetkeys.sty
Package: kvsetkeys 2022-10-05 v1.19 Key value parser (HO)
)
(C:\Users\adria\AppData\Local\Programs\MiKTeX\tex/generic/kvdefinekeys\kvdefine
keys.sty
Package: kvdefinekeys 2019-12-19 v1.6 Define keys (HO)
)
(C:\Users\adria\AppData\Local\Programs\MiKTeX\tex/generic/pdfescape\pdfescape.s
ty
Package: pdfescape 2019/12/09 v1.15 Implements pdfTeX's escape features (HO)

(C:\Users\adria\AppData\Local\Programs\MiKTeX\tex/generic/ltxcmds\ltxcmds.sty
Package: ltxcmds 2023-12-04 v1.26 LaTeX kernel commands for general use (HO)
)
(C:\Users\adria\AppData\Local\Programs\MiKTeX\tex/generic/pdftexcmds\pdftexcmds
.sty
Package: pdftexcmds 2020-06-27 v0.33 Utility functions of pdfTeX for LuaTeX (HO
)

(C:\Users\adria\AppData\Local\Programs\MiKTeX\tex/generic/infwarerr\infwarerr.s
ty
Package: infwarerr 2019/12/03 v1.5 Providing info/warning/error messages (HO)
)
Package pdftexcmds Info: \pdf@primitive is available.
Package pdftexcmds Info: \pdf@ifprimitive is available.
Package pdftexcmds Info: \pdfdraftmode found.
))
(C:\Users\adria\AppData\Local\Programs\MiKTeX\tex/latex/hycolor\hycolor.sty
Package: hycolor 2020-01-27 v1.10 Color options for hyperref/bookmark (HO)
)
(C:\Users\adria\AppData\Local\Programs\MiKTeX\tex/latex/hyperref\nameref.sty
Package: nameref 2025-06-21 v2.57 Cross-referencing by name of section

(C:\Users\adria\AppData\Local\Programs\MiKTeX\tex/latex/refcount\refcount.sty
Package: refcount 2019/12/15 v3.6 Data extraction from label references (HO)
)
(C:\Users\adria\AppData\Local\Programs\MiKTeX\tex/generic/gettitlestring\gettit
lestring.sty
Package: gettitlestring 2019/12/15 v1.6 Cleanup title references (HO)

(C:\Users\adria\AppData\Local\Programs\MiKTeX\tex/latex/kvoptions\kvoptions.sty
Package: kvoptions 2022-06-15 v3.15 Key value format for package options (HO)
))
\c@section@level=\count307
)
(C:\Users\adria\AppData\Local\Programs\MiKTeX\tex/generic/stringenc\stringenc.s
ty
Package: stringenc 2019/11/29 v1.12 Convert strings between diff. encodings (HO
)
)
\@linkdim=\dimen185
\Hy@linkcounter=\count308
\Hy@pagecounter=\count309
 (C:\Users\adria\AppData\Local\Programs\MiKTeX\tex/latex/hyperref\pd1enc.def
File: pd1enc.def 2025-07-12 v7.01o Hyperref: PDFDocEncoding definition (HO)
Now handling font encoding PD1 ...
... no UTF-8 mapping file for font encoding PD1
) (C:\Users\adria\AppData\Local\Programs\MiKTeX\tex/generic/intcalc\intcalc.sty
Package: intcalc 2019/12/15 v1.3 Expandable calculations with integers (HO)
)
\Hy@SavedSpaceFactor=\count310
 (C:\Users\adria\AppData\Local\Programs\MiKTeX\tex/latex/hyperref\puenc.def
File: puenc.def 2025-07-12 v7.01o Hyperref: PDF Unicode definition (HO)
Now handling font encoding PU ...
... no UTF-8 mapping file for font encoding PU
)
Package hyperref Info: Hyper figures OFF on input line 4195.
Package hyperref Info: Link nesting OFF on input line 4200.
Package hyperref Info: Hyper index ON on input line 4203.
Package hyperref Info: Plain pages OFF on input line 4210.
Package hyperref Info: Backreferencing OFF on input line 4215.
Package hyperref Info: Implicit mode ON; LaTeX internals redefined.
Package hyperref Info: Bookmarks ON on input line 4462.
\c@Hy@tempcnt=\count311

(C:\Users\adria\AppData\Local\Programs\MiKTeX\tex/latex/url\url.sty
\Urlmuskip=\muskip17
Package: url 2013/09/16  ver 3.4  Verb mode for urls, etc.
)
LaTeX Info: Redefining \url on input line 4801.
\XeTeXLinkMargin=\dimen186

(C:\Users\adria\AppData\Local\Programs\MiKTeX\tex/generic/bitset\bitset.sty
Package: bitset 2019/12/09 v1.3 Handle bit-vector datatype (HO)

(C:\Users\adria\AppData\Local\Programs\MiKTeX\tex/generic/bigintcalc\bigintcalc
.sty
Package: bigintcalc 2019/12/15 v1.5 Expandable calculations on big integers (HO
)
))
\Fld@menulength=\count312
\Field@Width=\dimen187
\Fld@charsize=\dimen188
Package hyperref Info: Hyper figures OFF on input line 6078.
Package hyperref Info: Link nesting OFF on input line 6083.
Package hyperref Info: Hyper index ON on input line 6086.
Package hyperref Info: backreferencing OFF on input line 6093.
Package hyperref Info: Link coloring OFF on input line 6098.
Package hyperref Info: Link coloring with OCG OFF on input line 6103.
Package hyperref Info: PDF/A mode OFF on input line 6108.
\Hy@abspage=\count313
\c@Item=\count314
\c@Hfootnote=\count315
)
Package hyperref Info: Driver (autodetected): hpdftex.

(C:\Users\adria\AppData\Local\Programs\MiKTeX\tex/latex/hyperref\hpdftex.def
File: hpdftex.def 2025-07-12 v7.01o Hyperref driver for pdfTeX
\Fld@listcount=\count316
\c@bookmark@seq@number=\count317

(C:\Users\adria\AppData\Local\Programs\MiKTeX\tex/latex/rerunfilecheck\rerunfil
echeck.sty
Package: rerunfilecheck 2025-06-21 v1.11 Rerun checks for auxiliary files (HO)

(C:\Users\adria\AppData\Local\Programs\MiKTeX\tex/generic/uniquecounter\uniquec
ounter.sty
Package: uniquecounter 2019/12/15 v1.4 Provide unlimited unique counter (HO)
)
Package uniquecounter Info: New unique counter `rerunfilecheck' on input line 2
84.
)
\Hy@SectionHShift=\skip59
)
(C:\Users\adria\AppData\Local\Programs\MiKTeX\tex/latex/cleveref\cleveref.sty
Package: cleveref 2018/03/27 v0.21.4 Intelligent cross-referencing
Package cleveref Info: `hyperref' support loaded on input line 2370.
LaTeX Info: Redefining \cref on input line 2370.
LaTeX Info: Redefining \Cref on input line 2370.
LaTeX Info: Redefining \crefrange on input line 2370.
LaTeX Info: Redefining \Crefrange on input line 2370.
LaTeX Info: Redefining \cpageref on input line 2370.
LaTeX Info: Redefining \Cpageref on input line 2370.
LaTeX Info: Redefining \cpagerefrange on input line 2370.
LaTeX Info: Redefining \Cpagerefrange on input line 2370.
LaTeX Info: Redefining \labelcref on input line 2370.
LaTeX Info: Redefining \labelcpageref on input line 2370.
)
==> First Aid for cleveref.sty applied!
LaTeX Font Info:    Trying to load font information for OT1+ptm on input line 9
8.
(C:\Users\adria\AppData\Local\Programs\MiKTeX\tex/latex/psnfss\ot1ptm.fd
File: ot1ptm.fd 2001/06/04 font definitions for OT1/ptm.
)
(C:\Users\adria\AppData\Local\Programs\MiKTeX\tex/latex/l3backend\l3backend-pdf
tex.def
File: l3backend-pdftex.def 2025-10-09 L3 backend support: PDF output (pdfTeX)
\l__color_backend_stack_int=\count318
)
(C:/Users\adria\OneDrive\Escriptori\UPF'\TFG\UPF_TFGRepository\thesis\TFG_Latex
2526\build\_compile\main.aux
LaTeX Info: Redefining \. on input line 13.
LaTeX Info: Redefining \% on input line 13.
Package babel Info: 'spanish' activates 'spanish' shorthands.
(babel)             Reported on input line 13.
Package babel Info: 'catalan' activates 'catalan' shorthands.
(babel)             Reported on input line 15.
LaTeX Info: Redefining \. on input line 16.
LaTeX Info: Redefining \% on input line 16.
)
\openout1 = `main.aux'.

LaTeX Font Info:    Checking defaults for OML/cmm/m/it on input line 98.
LaTeX Font Info:    ... okay on input line 98.
LaTeX Font Info:    Checking defaults for OMS/cmsy/m/n on input line 98.
LaTeX Font Info:    ... okay on input line 98.
LaTeX Font Info:    Checking defaults for OT1/cmr/m/n on input line 98.
LaTeX Font Info:    ... okay on input line 98.
LaTeX Font Info:    Checking defaults for T1/cmr/m/n on input line 98.
LaTeX Font Info:    ... okay on input line 98.
LaTeX Font Info:    Checking defaults for TS1/cmr/m/n on input line 98.
LaTeX Font Info:    ... okay on input line 98.
LaTeX Font Info:    Checking defaults for OMX/cmex/m/n on input line 98.
LaTeX Font Info:    ... okay on input line 98.
LaTeX Font Info:    Checking defaults for U/cmr/m/n on input line 98.
LaTeX Font Info:    ... okay on input line 98.
LaTeX Font Info:    Checking defaults for PD1/pdf/m/n on input line 98.
LaTeX Font Info:    ... okay on input line 98.
LaTeX Font Info:    Checking defaults for PU/pdf/m/n on input line 98.
LaTeX Font Info:    ... okay on input line 98.
LaTeX Info: Redefining \. on input line 98.
LaTeX Info: Redefining \% on input line 98.
LaTeX Info: Redefining \l on input line 98.
LaTeX Info: Redefining \L on input line 98.

*geometry* driver: auto-detecting
*geometry* detected driver: pdftex
*geometry* verbose mode - [ preamble ] result:
* driver: pdftex
* paper: a4paper
* layout: <same size as paper>
* layoutoffset:(h,v)=(0.0pt,0.0pt)
* modes: 
* h-part:(L,W,R)=(71.13188pt, 455.24411pt, 71.13188pt)
* v-part:(T,H,B)=(71.13188pt, 702.78308pt, 71.13188pt)
* \paperwidth=597.50787pt
* \paperheight=845.04684pt
* \textwidth=455.24411pt
* \textheight=702.78308pt
* \oddsidemargin=-1.1381pt
* \evensidemargin=-1.1381pt
* \topmargin=-33.0119pt
* \headheight=12.0pt
* \headsep=19.8738pt
* \topskip=11.0pt
* \footskip=27.46295pt
* \marginparwidth=53.0pt
* \marginparsep=7.0pt
* \columnsep=10.0pt
* \skip\footins=10.0pt plus 4.0pt minus 2.0pt
* \hoffset=0.0pt
* \voffset=0.0pt
* \mag=1000
* \@twocolumnfalse
* \@twosidefalse
* \@mparswitchfalse
* \@reversemarginfalse
* (1in=72.27pt=25.4mm, 1cm=28.453pt)


(C:\Users\adria\AppData\Local\Programs\MiKTeX\tex/context/base/mkii\supp-pdf.mk
ii
[Loading MPS to PDF converter (version 2006.09.02).]
\scratchcounter=\count319
\scratchdimen=\dimen189
\scratchbox=\box59
\nofMPsegments=\count320
\nofMParguments=\count321
\everyMPshowfont=\toks27
\MPscratchCnt=\count322
\MPscratchDim=\dimen190
\MPnumerator=\count323
\makeMPintoPDFobject=\count324
\everyMPtoPDFconversion=\toks28
)
(C:\Users\adria\AppData\Local\Programs\MiKTeX\tex/latex/epstopdf-pkg\epstopdf-b
ase.sty
Package: epstopdf-base 2020-01-24 v2.11 Base part for package epstopdf
Package epstopdf-base Info: Redefining graphics rule for `.eps' on input line 4
85.

(C:\Users\adria\AppData\Local\Programs\MiKTeX\tex/latex/00miktex\epstopdf-sys.c
fg
File: epstopdf-sys.cfg 2021/03/18 v2.0 Configuration of epstopdf for MiKTeX
))
(C:\Users\adria\AppData\Local\Programs\MiKTeX\tex/latex/pdflscape\pdflscape.sty
Package: pdflscape 2022-10-27 v0.13 Display of landscape pages in PDF

(C:\Users\adria\AppData\Local\Programs\MiKTeX\tex/latex/pdflscape\pdflscape-nom
etadata.sty
Package: pdflscape-nometadata 2022-10-28 v0.13 Display of landscape pages in PD
F (HO)

(C:\Users\adria\AppData\Local\Programs\MiKTeX\tex/latex/graphics\lscape.sty
Package: lscape 2020/05/28 v3.02 Landscape Pages (DPC)
)
Package pdflscape Info: Auto-detected driver: pdftex on input line 81.
))
Package hyperref Info: Link coloring OFF on input line 98.

(C:/Users\adria\OneDrive\Escriptori\UPF'\TFG\UPF_TFGRepository\thesis\TFG_Latex
2526\build\_compile\main.out)
(C:/Users\adria\OneDrive\Escriptori\UPF'\TFG\UPF_TFGRepository\thesis\TFG_Latex
2526\build\_compile\main.out)
\@outlinefile=\write3
\openout3 = `main.out'.

<planning files/TFG Cover.pdf, id=175, 597.6729pt x 845.07718pt>
File: planning files/TFG Cover.pdf Graphic file (type pdf)
<use planning files/TFG Cover.pdf>
Package pdftex.def Info: planning files/TFG Cover.pdf  used on input line 103.
(pdftex.def)             Requested size: 597.67143pt x 845.07512pt.
<planning files/TFG Cover.pdf, id=177, page=1, 597.6729pt x 845.07718pt>
File: planning files/TFG Cover.pdf Graphic file (type pdf)
<use planning files/TFG Cover.pdf, page 1>
Package pdftex.def Info: planning files/TFG Cover.pdf , page1 used on input lin
e 103.
(pdftex.def)             Requested size: 597.67143pt x 845.07512pt.
File: planning files/TFG Cover.pdf Graphic file (type pdf)
<use planning files/TFG Cover.pdf, page 1>
Package pdftex.def Info: planning files/TFG Cover.pdf , page1 used on input lin
e 103.
(pdftex.def)             Requested size: 597.69879pt x 845.1138pt.
File: planning files/TFG Cover.pdf Graphic file (type pdf)
<use planning files/TFG Cover.pdf, page 1>
Package pdftex.def Info: planning files/TFG Cover.pdf , page1 used on input lin
e 103.
(pdftex.def)             Requested size: 597.69879pt x 845.1138pt.
File: planning files/TFG Cover.pdf Graphic file (type pdf)
<use planning files/TFG Cover.pdf, page 1>
Package pdftex.def Info: planning files/TFG Cover.pdf , page1 used on input lin
e 103.
(pdftex.def)             Requested size: 597.69879pt x 845.1138pt.
File: planning files/TFG Cover.pdf Graphic file (type pdf)
<use planning files/TFG Cover.pdf, page 1>
Package pdftex.def Info: planning files/TFG Cover.pdf , page1 used on input lin
e 103.
(pdftex.def)             Requested size: 597.69879pt x 845.1138pt.
 [1



 <./planning files/TFG Cover.pdf>]
(frontmatter/dedication.tex) [2

{C:/Users/adria/AppData/Local/MiKTeX/fonts/map/pdftex/pdftex.map}{C:/Users/adri
a/AppData/Local/Programs/MiKTeX/fonts/enc/dvips/base/8r.enc}] (frontmatter/ackn
owledgements.tex
LaTeX Font Info:    Trying to load font information for OT1+phv on input line 1
.

(C:\Users\adria\AppData\Local\Programs\MiKTeX\tex/latex/psnfss\ot1phv.fd
File: ot1phv.fd 2020/03/25 scalable font definitions for OT1/phv.
))
[3

] (frontmatter/abstracts.tex
LaTeX Info: Redefining \. on input line 14.
LaTeX Info: Redefining \% on input line 14.
) [4

] (frontmatter/preface.tex
LaTeX Font Info:    External font `cmex10' loaded for size
(Font)              <10.95> on input line 14.
LaTeX Font Info:    External font `cmex10' loaded for size
(Font)              <8> on input line 14.
LaTeX Font Info:    External font `cmex10' loaded for size
(Font)              <6> on input line 14.
) [5

]
(C:/Users\adria\OneDrive\Escriptori\UPF'\TFG\UPF_TFGRepository\thesis\TFG_Latex
2526\build\_compile\main.toc
LaTeX Info: Redefining \. on input line 2.
LaTeX Info: Redefining \% on input line 2.
LaTeX Info: Redefining \. on input line 5.
LaTeX Info: Redefining \% on input line 5.
 [6


])
\tf@toc=\write4
\openout4 = `main.toc'.

 [7]
(C:/Users\adria\OneDrive\Escriptori\UPF'\TFG\UPF_TFGRepository\thesis\TFG_Latex
2526\build\_compile\main.lof
LaTeX Info: Redefining \. on input line 2.
LaTeX Info: Redefining \% on input line 2.
LaTeX Info: Redefining \. on input line 5.
LaTeX Info: Redefining \% on input line 5.
)
\tf@lof=\write5
\openout5 = `main.lof'.

 [8


]
(C:/Users\adria\OneDrive\Escriptori\UPF'\TFG\UPF_TFGRepository\thesis\TFG_Latex
2526\build\_compile\main.lot
LaTeX Info: Redefining \. on input line 2.
LaTeX Info: Redefining \% on input line 2.
LaTeX Info: Redefining \. on input line 5.
LaTeX Info: Redefining \% on input line 5.
)
\tf@lot=\write6
\openout6 = `main.lot'.

 [9

] (chapters/01_introduction.tex
Chapter 1.
<figures and tables/1_Introduction/Figure 1. Coronary Arteries.png, id=339, 224
3.38126pt x 1442.38875pt>
File: figures and tables/1_Introduction/Figure 1. Coronary Arteries.png Graphic
 file (type png)
<use figures and tables/1_Introduction/Figure 1. Coronary Arteries.png>
Package pdftex.def Info: figures and tables/1_Introduction/Figure 1. Coronary A
rteries.png  used on input line 19.
(pdftex.def)             Requested size: 282.24911pt x 181.46463pt.
[1



 <./figures and tables/1_Introduction/Figure 1. Coronary Arteries.png>]
<figures and tables/1_Introduction/Figure 2. Coronary Artery Disease.png, id=35
6, 544.0325pt x 347.2975pt>
File: figures and tables/1_Introduction/Figure 2. Coronary Artery Disease.png G
raphic file (type png)
<use figures and tables/1_Introduction/Figure 2. Coronary Artery Disease.png>
Package pdftex.def Info: figures and tables/1_Introduction/Figure 2. Coronary A
rtery Disease.png  used on input line 37.
(pdftex.def)             Requested size: 282.24911pt x 180.18768pt.

[2 <./figures and tables/1_Introduction/Figure 2. Coronary Artery Disease.png (
PNG copy)>] [3]
<figures and tables/1_Introduction/Figure 3. Current CAD Diagnostic Workflow HS
P (2).pdf, id=392, 721.08398pt x 326.68047pt>
File: figures and tables/1_Introduction/Figure 3. Current CAD Diagnostic Workfl
ow HSP (2).pdf Graphic file (type pdf)
<use figures and tables/1_Introduction/Figure 3. Current CAD Diagnostic Workflo
w HSP (2).pdf>
Package pdftex.def Info: figures and tables/1_Introduction/Figure 3. Current CA
D Diagnostic Workflow HSP (2).pdf  used on input line 76.
(pdftex.def)             Requested size: 455.24411pt x 206.24843pt.
 [4 <./figures and tables/1_Introduction/Figure 3. Current CAD Diagnostic Workf
low HSP (2).pdf>]
<figures and tables/1_Introduction/Figure 4. Current Image Analysis and Reporti
ng Workflow HSP (2).pdf, id=417, 722.7pt x 312.88895pt>
File: figures and tables/1_Introduction/Figure 4. Current Image Analysis and Re
porting Workflow HSP (2).pdf Graphic file (type pdf)
<use figures and tables/1_Introduction/Figure 4. Current Image Analysis and Rep
orting Workflow HSP (2).pdf>
Package pdftex.def Info: figures and tables/1_Introduction/Figure 4. Current Im
age Analysis and Reporting Workflow HSP (2).pdf  used on input line 94.
(pdftex.def)             Requested size: 455.24411pt x 197.0972pt.
 [5 <./figures and tables/1_Introduction/Figure 4. Current Image Analysis and R
eporting Workflow HSP (2).pdf>]
<figures and tables/1_Introduction/Figure 5. Proposed Image Analysis and Report
ing Workflow HSP (2).pdf, id=469, 722.07768pt x 293.44632pt>
File: figures and tables/1_Introduction/Figure 5. Proposed Image Analysis and R
eporting Workflow HSP (2).pdf Graphic file (type pdf)
<use figures and tables/1_Introduction/Figure 5. Proposed Image Analysis and Re
porting Workflow HSP (2).pdf>
Package pdftex.def Info: figures and tables/1_Introduction/Figure 5. Proposed I
mage Analysis and Reporting Workflow HSP (2).pdf  used on input line 127.
(pdftex.def)             Requested size: 455.24411pt x 185.00647pt.
 [6])
(chapters/02_methodology.tex [7 <./figures and tables/1_Introduction/Figure 5. 
Proposed Image Analysis and Reporting Workflow HSP (2).pdf>]
Chapter 2.
<figures and tables/2_Methodology/Figure 1. E2E Workflow Diagram.pdf, id=500, 7
04.77304pt x 399.41222pt>
File: figures and tables/2_Methodology/Figure 1. E2E Workflow Diagram.pdf Graph
ic file (type pdf)
<use figures and tables/2_Methodology/Figure 1. E2E Workflow Diagram.pdf>
Package pdftex.def Info: figures and tables/2_Methodology/Figure 1. E2E Workflo
w Diagram.pdf  used on input line 20.
(pdftex.def)             Requested size: 455.24411pt x 257.99982pt.
[8

 <./figures and tables/2_Methodology/Figure 1. E2E Workflow Diagram.pdf>]
LaTeX Font Info:    External font `cmex10' loaded for size
(Font)              <7> on input line 35.
LaTeX Font Info:    External font `cmex10' loaded for size
(Font)              <5> on input line 35.

[9]
<figures and tables/2_Methodology/Figure 2. Block 1 Workflow Diagram.pdf, id=54
8, 722.7pt x 394.39346pt>
File: figures and tables/2_Methodology/Figure 2. Block 1 Workflow Diagram.pdf G
raphic file (type pdf)
<use figures and tables/2_Methodology/Figure 2. Block 1 Workflow Diagram.pdf>
Package pdftex.def Info: figures and tables/2_Methodology/Figure 2. Block 1 Wor
kflow Diagram.pdf  used on input line 90.
(pdftex.def)             Requested size: 455.24411pt x 248.4391pt.
 [10 <./figures and tables/2_Methodology/Figure 2. Block 1 Workflow Diagram.pdf
>]
LaTeX Font Info:    Trying to load font information for OT1+pcr on input line 9
8.
 (C:\Users\adria\AppData\Local\Programs\MiKTeX\tex/latex/psnfss\ot1pcr.fd
File: ot1pcr.fd 2001/06/04 font definitions for OT1/pcr.
) [11]
<figures and tables/2_Methodology/Figure 3. Block 2 Workflow Diagram.pdf, id=60
5, 722.7pt x 391.26173pt>
File: figures and tables/2_Methodology/Figure 3. Block 2 Workflow Diagram.pdf G
raphic file (type pdf)
<use figures and tables/2_Methodology/Figure 3. Block 2 Workflow Diagram.pdf>
Package pdftex.def Info: figures and tables/2_Methodology/Figure 3. Block 2 Wor
kflow Diagram.pdf  used on input line 130.
(pdftex.def)             Requested size: 455.24411pt x 246.46634pt.
 [12 <./figures and tables/2_Methodology/Figure 3. Block 2 Workflow Diagram.pdf
>] [13] [14]
<figures and tables/2_Methodology/Figure 4. Block 3 Workflow Diagram.pdf, id=66
4, 722.28848pt x 385.85155pt>
File: figures and tables/2_Methodology/Figure 4. Block 3 Workflow Diagram.pdf G
raphic file (type pdf)
<use figures and tables/2_Methodology/Figure 4. Block 3 Workflow Diagram.pdf>
Package pdftex.def Info: figures and tables/2_Methodology/Figure 4. Block 3 Wor
kflow Diagram.pdf  used on input line 189.
(pdftex.def)             Requested size: 455.24411pt x 243.19373pt.
 [15 <./figures and tables/2_Methodology/Figure 4. Block 3 Workflow Diagram.pdf
>]
LaTeX Font Info:    External font `cmex10' loaded for size
(Font)              <9> on input line 211.
 [16]) (chapters/03_results.tex [17] [18]
Chapter 3.
) (chapters/04_discussion.tex [19

]
Chapter 4.
) (chapters/05_conclusions.tex [20

]
Chapter 5.
)
(C:/Users\adria\OneDrive\Escriptori\UPF'\TFG\UPF_TFGRepository\thesis\TFG_Latex
2526\build\_compile\main.bbl [21

]
Underfull \hbox (badness 10000) in paragraph at lines 69--75
[]\OT1/ptm/m/n/10.95 Cleveland Clinic.  Coro-nary ar-ter-ies: Anatomy and func-
tion.  []$\OT1/pcr/m/n/10.95 https : / / my .
 []


Underfull \hbox (badness 1675) in paragraph at lines 69--75
\OT1/pcr/m/n/10.95 clevelandclinic . org / health / body / 22973-[]coronary-[]a
rteries$[]\OT1/ptm/m/n/10.95 , 2024.  Ac-
 []

[22

]) [23] (chapters/06_appendix.tex
Appendix A.
) [24


]
(C:/Users\adria\OneDrive\Escriptori\UPF'\TFG\UPF_TFGRepository\thesis\TFG_Latex
2526\build\_compile\main.aux
LaTeX Info: Redefining \. on input line 13.
LaTeX Info: Redefining \% on input line 13.
LaTeX Info: Redefining \. on input line 16.
LaTeX Info: Redefining \% on input line 16.
)
 ***********
LaTeX2e <2025-11-01>
L3 programming layer <2025-12-24>
 ***********
Package rerunfilecheck Info: File `main.out' has not changed.
(rerunfilecheck)             Checksum: C521EC6EFEEA05535D6739BA18911DF0;10523.
 ) 
Here is how much of TeX's memory you used:
 15161 strings out of 467871
 263169 string characters out of 5418376
 717806 words of memory out of 5000000
 43652 multiletter control sequences out of 15000+600000
 659050 words of font info for 89 fonts, out of 8000000 for 9000
 1141 hyphenation exceptions out of 8191
 75i,17n,90p,1328b,845s stack positions out of 10000i,1000n,20000p,200000b,200000s
<C:/Users/adria/AppData/Local/Programs/MiKTeX/fonts/type1/public/amsfonts/cm/
cmex10.pfb><C:/Users/adria/AppData/Local/Programs/MiKTeX/fonts/type1/public/ams
fonts/cm/cmmi10.pfb><C:/Users/adria/AppData/Local/Programs/MiKTeX/fonts/type1/p
ublic/amsfonts/cm/cmmi8.pfb><C:/Users/adria/AppData/Local/Programs/MiKTeX/fonts
/type1/public/amsfonts/cm/cmr10.pfb><C:/Users/adria/AppData/Local/Programs/MiKT
eX/fonts/type1/public/amsfonts/cm/cmr8.pfb><C:/Users/adria/AppData/Local/Progra
ms/MiKTeX/fonts/type1/public/amsfonts/cm/cmsy10.pfb><C:/Users/adria/AppData/Loc
al/Programs/MiKTeX/fonts/type1/urw/courier/ucrr8a.pfb><C:/Users/adria/AppData/L
ocal/Programs/MiKTeX/fonts/type1/urw/helvetic/uhvb8a.pfb><C:/Users/adria/AppDat
a/Local/Programs/MiKTeX/fonts/type1/urw/times/utmb8a.pfb><C:/Users/adria/AppDat
a/Local/Programs/MiKTeX/fonts/type1/urw/times/utmr8a.pfb><C:/Users/adria/AppDat
a/Local/Programs/MiKTeX/fonts/type1/urw/times/utmri8a.pfb>
Output written on C:/Users\adria\OneDrive\Escriptori\UPF'\TFG\UPF_TFGRepository
\thesis\TFG_Latex2526\build\_compile\main.pdf (33 pages, 4624818 bytes).
PDF statistics:
 841 PDF objects out of 1000 (max. 8388607)
 133 named destinations out of 1000 (max. 500000)
 405 words of extra memory for PDF output out of 10000 (max. 10000000)

